{
  "batchId": "B-2026-06-20",
  "orders": [
    {
      "id": "A-1001",
      "placedAt": "2026-06-14",
      "customer": "Dana",
      "tier": "gold",
      "note": "Leave at <side door> & ring twice",
      "lines": [
        {
          "sku": "PEN-01",
          "category": "stationery",
          "price": 2.5,
          "qty": 4
        },
        {
          "sku": "PAD-22",
          "category": "paper",
          "price": 6,
          "qty": 2
        },
        {
          "sku": "CLP-08",
          "category": "stationery",
          "price": 1,
          "qty": 10
        }
      ]
    },
    {
      "id": "A-1002",
      "placedAt": "2026-06-16",
      "customer": "Ravi",
      "tier": "standard",
      "note": null,
      "lines": [
        {
          "sku": "PAD-22",
          "category": "paper",
          "price": 6,
          "qty": 1
        }
      ]
    },
    {
      "id": "A-1003",
      "placedAt": "2026-06-18",
      "customer": "Mei",
      "tier": "gold",
      "note": null,
      "lines": [
        {
          "sku": "PEN-01",
          "category": "stationery",
          "price": 2.5,
          "qty": 12
        },
        {
          "sku": "CLP-08",
          "category": "stationery",
          "price": 1,
          "qty": 3
        }
      ]
    }
  ]
}
exit=0
