[
  {
    "id": "A-1001",
    "note": "Leave at <side door> & ring twice",
    "noteType": "String",
    "customer": "Dana",
    "tier": "gold",
    "firstPrice": "2.50",
    "firstCurrency": "USD",
    "priceType": "String"
  },
  {
    "id": "A-1002",
    "note": null,
    "noteType": "Null",
    "customer": "Ravi",
    "tier": "standard",
    "firstPrice": "6.00",
    "firstCurrency": "USD",
    "priceType": "String"
  },
  {
    "id": "A-1003",
    "note": null,
    "noteType": "Null",
    "customer": "Mei",
    "tier": "gold",
    "firstPrice": "2.50",
    "firstCurrency": "USD",
    "priceType": "String"
  }
]exit=0
