{
  "reversed": {
    "id": "A-1001",
    "currency": "USD",
    "giftWrap": false
  },
  "plusOp": {
    "currency": "USD",
    "giftWrap": false,
    "id": "A-1001",
    "giftWrap": true
  },
  "values": [
    "A-1001",
    true
  ],
  "keyTypes": [
    "id",
    "giftWrap"
  ],
  "hasId": true,
  "allSet": true,
  "pairs": [
    {
      "id": "A-1001"
    },
    {
      "giftWrap": true
    }
  ],
  "fromEntries": [
    {
      "id": "A-1001"
    },
    {
      "giftWrap": true
    }
  ]
}exit=0
