01_basic_read                        exit=0
02_strings_everywhere                exit=0
03_noheader_default                  exit=0
04_noheader_directive                exit=0
05_noheader_read                     exit=0
06_semicolon_directive               exit=0
07_semicolon_read                    exit=0
08_decimal_comma_fails               exit=255
09_decimal_comma_fixed               exit=0
10_quoted_read                       exit=0
11_write_default                     exit=0
12_write_props                       exit=0
13_write_noheader                    exit=0
14_single_quote_read                 exit=0
15_backslash_escape_read             exit=0
16_write_quote_escape                exit=0
17_ragged_rows                       exit=0
18_preamble_lines                    exit=0
19_unknown_reader_prop               exit=255
20_unknown_writer_prop               exit=255
21_blank_lines                       exit=0
22_write_mismatched_keys             exit=0
23_write_nested_fails                exit=255
24_write_object_root                 exit=0
25_tab_read                          exit=0
26_tsv_extension                     exit=255
27_line_separator                    exit=0
28_flatfile_not_here                 exit=255
29_xlsx_not_here                     exit=255
30_fixed_width_by_hand               exit=0
31_multipart_read                    exit=255
32_multipart_write                   exit=255
33_worked_upload                     exit=0
34_padded_keys                       exit=0
35_exercise_tsv_out                  exit=0
36_exercise_eu_totals                exit=0
37_exercise_name_columns             exit=0
