01_seven_types                       exit=255
02_components                        exit=0
03_singular_minute_fails             exit=0
04_parse_format                      exit=0
05_mm_trap_format                    exit=0
06_mm_trap_parse                     exit=255
07_no_format_fails                   exit=255
08_hh_trap                           exit=255
09_hh_fourteen_fails                 exit=255
10_coercions                         exit=255
11_period_arithmetic                 exit=0
12_date_plus_hours_fails             exit=255
13_periods_module                    exit=0
14_days_between                      exit=0
15_now_truncations                   exit=0
16_shift_offsets                     exit=0
17_shift_literal_fails               exit=255
18_dst_named_vs_offset               exit=0
19_compare_and_sort                  exit=0
20_epoch                             exit=0
21_eu_feed                           exit=0
22_invalid_dates                     exit=0
23_month_13_fails                    exit=255
24_dates_module                      exit=255
25_format_tokens                     exit=0
26_exercise_mixed_feed               exit=255
27_exercise_local_day                exit=255
28_exercise_month_end                exit=0
