{
  "asIs": [
    {
      "Acme supplier export": "Generated 2026-06-14"
    },
    {
      "Acme supplier export": "sku",
      "column_1": "name",
      "column_2": "qty",
      "column_3": "price"
    },
    {
      "Acme supplier export": "PEN-01",
      "column_1": "Ballpoint pen",
      "column_2": "4",
      "column_3": "2.50"
    },
    {
      "Acme supplier export": "PAD-22",
      "column_1": "Notepad",
      "column_2": "2",
      "column_3": "6.00"
    }
  ],
  "headerAt3": [
    {
      "Generated 2026-06-14": "sku",
      "column_1": "name",
      "column_2": "qty",
      "column_3": "price"
    },
    {
      "Generated 2026-06-14": "PEN-01",
      "column_1": "Ballpoint pen",
      "column_2": "4",
      "column_3": "2.50"
    },
    {
      "Generated 2026-06-14": "PAD-22",
      "column_1": "Notepad",
      "column_2": "2",
      "column_3": "6.00"
    }
  ],
  "bodyAt4": [
    {
      "Generated 2026-06-14": "sku",
      "column_1": "name",
      "column_2": "qty",
      "column_3": "price"
    },
    {
      "Generated 2026-06-14": "PEN-01",
      "column_1": "Ballpoint pen",
      "column_2": "4",
      "column_3": "2.50"
    },
    {
      "Generated 2026-06-14": "PAD-22",
      "column_1": "Notepad",
      "column_2": "2",
      "column_3": "6.00"
    }
  ]
}exit=0
