[ERROR] Error while executing the script:
[ERROR] You called the function 'Value Selector' with these arguments: 
  1: String ("Dana")
  2: Name ("anything")

But it expects one of these combinations:
  (Array, Name)
  (Array, String)
  (Date, Name)
  (DateTime, Name)
  (LocalDateTime, Name)
  (LocalTime, Name)
  (Object, Name)
  (Object, String)
  (Period, Name)
  (Time, Name)

4| { onString: payload.customer.name.anything }
               ^^^^^^^^^^^^^^^^^^^^^^^^^^^^^^
Trace:
  at 287-select-on-string-fails::main (line: 4, column: 13) at:

4| { onString: payload.customer.name.anything }
               ^^^^^^^^^^^^^^^^^^^^^^^^^^^^^^
exit=255
