$ dw run -i payload=chapters/language-06/lines.json -f chapters/language-06/groupby-number-key.dwl
{
  "byQty": {
    "4": [
      "PEN-01"
    ],
    "2": [
      "PAD-22"
    ],
    "10": [
      "CLP-08"
    ],
    "1": [
      "PEN-01"
    ],
    "3": [
      "INK-03"
    ]
  },
  "keyTypes": [
    "Key",
    "Key",
    "Key",
    "Key",
    "Key"
  ],
  "pickByString": [
    "PEN-01"
  ],
  "pickByNumber": [
    {
      "orderId": "A-1002",
      "sku": "INK-03",
      "name": "Ink Refill",
      "category": "writing",
      "price": 3.0,
      "qty": 3
    }
  ]
}
exit=0
